[   11690ms] Error: Minified React error #425; visit https://reactjs.org/docs/error-decoder.html?invariant=425 for the full message or use the non-minified dev environment for full errors and additional helpful warnings.
    at rm (https://family.co/_next/static/chunks/framework-30835d7902f44e99.js:25:40170)
    at https://family.co/_next/static/chunks/framework-30835d7902f44e99.js:25:100714
    at uD (https://family.co/_next/static/chunks/framework-30835d7902f44e99.js:25:106225)
    at uI (https://family.co/_next/static/chunks/framework-30835d7902f44e99.js:25:99173)
    at https://family.co/_next/static/chunks/framework-30835d7902f44e99.js:25:98980
    at uM (https://family.co/_next/static/chunks/framework-30835d7902f44e99.js:25:98987)
    at uS (https://family.co/_next/static/chunks/framework-30835d7902f44e99.js:25:94026)
    at x (https://family.co/_next/static/chunks/framework-30835d7902f44e99.js:49:1373)
    at MessagePort.R (https://family.co/_next/static/chunks/framework-30835d7902f44e99.js:49:1903)
[   11698ms] Error: Minified React error #418; visit https://reactjs.org/docs/error-decoder.html?invariant=418 for the full message or use the non-minified dev environment for full errors and additional helpful warnings.
    at am (https://family.co/_next/static/chunks/framework-30835d7902f44e99.js:25:46423)
    at i (https://family.co/_next/static/chunks/framework-30835d7902f44e99.js:25:121160)
    at uI (https://family.co/_next/static/chunks/framework-30835d7902f44e99.js:25:99113)
    at https://family.co/_next/static/chunks/framework-30835d7902f44e99.js:25:98980
    at uM (https://family.co/_next/static/chunks/framework-30835d7902f44e99.js:25:98987)
    at uS (https://family.co/_next/static/chunks/framework-30835d7902f44e99.js:25:94026)
    at x (https://family.co/_next/static/chunks/framework-30835d7902f44e99.js:49:1373)
    at MessagePort.R (https://family.co/_next/static/chunks/framework-30835d7902f44e99.js:49:1903)
[   11698ms] Error: Minified React error #418; visit https://reactjs.org/docs/error-decoder.html?invariant=418 for the full message or use the non-minified dev environment for full errors and additional helpful warnings.
    at am (https://family.co/_next/static/chunks/framework-30835d7902f44e99.js:25:46423)
    at i (https://family.co/_next/static/chunks/framework-30835d7902f44e99.js:25:121160)
    at uI (https://family.co/_next/static/chunks/framework-30835d7902f44e99.js:25:99113)
    at https://family.co/_next/static/chunks/framework-30835d7902f44e99.js:25:98980
    at uM (https://family.co/_next/static/chunks/framework-30835d7902f44e99.js:25:98987)
    at uS (https://family.co/_next/static/chunks/framework-30835d7902f44e99.js:25:94026)
    at x (https://family.co/_next/static/chunks/framework-30835d7902f44e99.js:49:1373)
    at MessagePort.R (https://family.co/_next/static/chunks/framework-30835d7902f44e99.js:49:1903)
[   11699ms] Error: Minified React error #418; visit https://reactjs.org/docs/error-decoder.html?invariant=418 for the full message or use the non-minified dev environment for full errors and additional helpful warnings.
    at am (https://family.co/_next/static/chunks/framework-30835d7902f44e99.js:25:46423)
    at i (https://family.co/_next/static/chunks/framework-30835d7902f44e99.js:25:121160)
    at uI (https://family.co/_next/static/chunks/framework-30835d7902f44e99.js:25:99113)
    at https://family.co/_next/static/chunks/framework-30835d7902f44e99.js:25:98980
    at uM (https://family.co/_next/static/chunks/framework-30835d7902f44e99.js:25:98987)
    at uS (https://family.co/_next/static/chunks/framework-30835d7902f44e99.js:25:94026)
    at x (https://family.co/_next/static/chunks/framework-30835d7902f44e99.js:49:1373)
    at MessagePort.R (https://family.co/_next/static/chunks/framework-30835d7902f44e99.js:49:1903)
[   11699ms] Error: Minified React error #418; visit https://reactjs.org/docs/error-decoder.html?invariant=418 for the full message or use the non-minified dev environment for full errors and additional helpful warnings.
    at am (https://family.co/_next/static/chunks/framework-30835d7902f44e99.js:25:46423)
    at i (https://family.co/_next/static/chunks/framework-30835d7902f44e99.js:25:121160)
    at uI (https://family.co/_next/static/chunks/framework-30835d7902f44e99.js:25:99113)
    at https://family.co/_next/static/chunks/framework-30835d7902f44e99.js:25:98980
    at uM (https://family.co/_next/static/chunks/framework-30835d7902f44e99.js:25:98987)
    at uS (https://family.co/_next/static/chunks/framework-30835d7902f44e99.js:25:94026)
    at x (https://family.co/_next/static/chunks/framework-30835d7902f44e99.js:49:1373)
    at MessagePort.R (https://family.co/_next/static/chunks/framework-30835d7902f44e99.js:49:1903)
[   11699ms] Error: Minified React error #418; visit https://reactjs.org/docs/error-decoder.html?invariant=418 for the full message or use the non-minified dev environment for full errors and additional helpful warnings.
    at am (https://family.co/_next/static/chunks/framework-30835d7902f44e99.js:25:46423)
    at i (https://family.co/_next/static/chunks/framework-30835d7902f44e99.js:25:121160)
    at uI (https://family.co/_next/static/chunks/framework-30835d7902f44e99.js:25:99113)
    at https://family.co/_next/static/chunks/framework-30835d7902f44e99.js:25:98980
    at uM (https://family.co/_next/static/chunks/framework-30835d7902f44e99.js:25:98987)
    at uS (https://family.co/_next/static/chunks/framework-30835d7902f44e99.js:25:94026)
    at x (https://family.co/_next/static/chunks/framework-30835d7902f44e99.js:49:1373)
    at MessagePort.R (https://family.co/_next/static/chunks/framework-30835d7902f44e99.js:49:1903)
[   11699ms] Error: Minified React error #418; visit https://reactjs.org/docs/error-decoder.html?invariant=418 for the full message or use the non-minified dev environment for full errors and additional helpful warnings.
    at am (https://family.co/_next/static/chunks/framework-30835d7902f44e99.js:25:46423)
    at i (https://family.co/_next/static/chunks/framework-30835d7902f44e99.js:25:121160)
    at uI (https://family.co/_next/static/chunks/framework-30835d7902f44e99.js:25:99113)
    at https://family.co/_next/static/chunks/framework-30835d7902f44e99.js:25:98980
    at uM (https://family.co/_next/static/chunks/framework-30835d7902f44e99.js:25:98987)
    at uS (https://family.co/_next/static/chunks/framework-30835d7902f44e99.js:25:94026)
    at x (https://family.co/_next/static/chunks/framework-30835d7902f44e99.js:49:1373)
    at MessagePort.R (https://family.co/_next/static/chunks/framework-30835d7902f44e99.js:49:1903)
[   11699ms] Error: Minified React error #418; visit https://reactjs.org/docs/error-decoder.html?invariant=418 for the full message or use the non-minified dev environment for full errors and additional helpful warnings.
    at am (https://family.co/_next/static/chunks/framework-30835d7902f44e99.js:25:46423)
    at i (https://family.co/_next/static/chunks/framework-30835d7902f44e99.js:25:121160)
    at uI (https://family.co/_next/static/chunks/framework-30835d7902f44e99.js:25:99113)
    at https://family.co/_next/static/chunks/framework-30835d7902f44e99.js:25:98980
    at uM (https://family.co/_next/static/chunks/framework-30835d7902f44e99.js:25:98987)
    at uS (https://family.co/_next/static/chunks/framework-30835d7902f44e99.js:25:94026)
    at x (https://family.co/_next/static/chunks/framework-30835d7902f44e99.js:49:1373)
    at MessagePort.R (https://family.co/_next/static/chunks/framework-30835d7902f44e99.js:49:1903)
[   11700ms] Error: Minified React error #418; visit https://reactjs.org/docs/error-decoder.html?invariant=418 for the full message or use the non-minified dev environment for full errors and additional helpful warnings.
    at am (https://family.co/_next/static/chunks/framework-30835d7902f44e99.js:25:46423)
    at i (https://family.co/_next/static/chunks/framework-30835d7902f44e99.js:25:121160)
    at uI (https://family.co/_next/static/chunks/framework-30835d7902f44e99.js:25:99113)
    at https://family.co/_next/static/chunks/framework-30835d7902f44e99.js:25:98980
    at uM (https://family.co/_next/static/chunks/framework-30835d7902f44e99.js:25:98987)
    at uS (https://family.co/_next/static/chunks/framework-30835d7902f44e99.js:25:94026)
    at x (https://family.co/_next/static/chunks/framework-30835d7902f44e99.js:49:1373)
    at MessagePort.R (https://family.co/_next/static/chunks/framework-30835d7902f44e99.js:49:1903)
[   11700ms] Error: Minified React error #418; visit https://reactjs.org/docs/error-decoder.html?invariant=418 for the full message or use the non-minified dev environment for full errors and additional helpful warnings.
    at am (https://family.co/_next/static/chunks/framework-30835d7902f44e99.js:25:46423)
    at i (https://family.co/_next/static/chunks/framework-30835d7902f44e99.js:25:121160)
    at uI (https://family.co/_next/static/chunks/framework-30835d7902f44e99.js:25:99113)
    at https://family.co/_next/static/chunks/framework-30835d7902f44e99.js:25:98980
    at uM (https://family.co/_next/static/chunks/framework-30835d7902f44e99.js:25:98987)
    at uS (https://family.co/_next/static/chunks/framework-30835d7902f44e99.js:25:94026)
    at x (https://family.co/_next/static/chunks/framework-30835d7902f44e99.js:49:1373)
    at MessagePort.R (https://family.co/_next/static/chunks/framework-30835d7902f44e99.js:49:1903)
[   11700ms] Error: Minified React error #418; visit https://reactjs.org/docs/error-decoder.html?invariant=418 for the full message or use the non-minified dev environment for full errors and additional helpful warnings.
    at am (https://family.co/_next/static/chunks/framework-30835d7902f44e99.js:25:46423)
    at i (https://family.co/_next/static/chunks/framework-30835d7902f44e99.js:25:121160)
    at uI (https://family.co/_next/static/chunks/framework-30835d7902f44e99.js:25:99113)
    at https://family.co/_next/static/chunks/framework-30835d7902f44e99.js:25:98980
    at uM (https://family.co/_next/static/chunks/framework-30835d7902f44e99.js:25:98987)
    at uS (https://family.co/_next/static/chunks/framework-30835d7902f44e99.js:25:94026)
    at x (https://family.co/_next/static/chunks/framework-30835d7902f44e99.js:49:1373)
    at MessagePort.R (https://family.co/_next/static/chunks/framework-30835d7902f44e99.js:49:1903)
[   11700ms] Error: Minified React error #418; visit https://reactjs.org/docs/error-decoder.html?invariant=418 for the full message or use the non-minified dev environment for full errors and additional helpful warnings.
    at am (https://family.co/_next/static/chunks/framework-30835d7902f44e99.js:25:46423)
    at i (https://family.co/_next/static/chunks/framework-30835d7902f44e99.js:25:121160)
    at uI (https://family.co/_next/static/chunks/framework-30835d7902f44e99.js:25:99113)
    at https://family.co/_next/static/chunks/framework-30835d7902f44e99.js:25:98980
    at uM (https://family.co/_next/static/chunks/framework-30835d7902f44e99.js:25:98987)
    at uS (https://family.co/_next/static/chunks/framework-30835d7902f44e99.js:25:94026)
    at x (https://family.co/_next/static/chunks/framework-30835d7902f44e99.js:49:1373)
    at MessagePort.R (https://family.co/_next/static/chunks/framework-30835d7902f44e99.js:49:1903)
[   11701ms] Error: Minified React error #418; visit https://reactjs.org/docs/error-decoder.html?invariant=418 for the full message or use the non-minified dev environment for full errors and additional helpful warnings.
    at am (https://family.co/_next/static/chunks/framework-30835d7902f44e99.js:25:46423)
    at i (https://family.co/_next/static/chunks/framework-30835d7902f44e99.js:25:121160)
    at uI (https://family.co/_next/static/chunks/framework-30835d7902f44e99.js:25:99113)
    at https://family.co/_next/static/chunks/framework-30835d7902f44e99.js:25:98980
    at uM (https://family.co/_next/static/chunks/framework-30835d7902f44e99.js:25:98987)
    at uS (https://family.co/_next/static/chunks/framework-30835d7902f44e99.js:25:94026)
    at x (https://family.co/_next/static/chunks/framework-30835d7902f44e99.js:49:1373)
    at MessagePort.R (https://family.co/_next/static/chunks/framework-30835d7902f44e99.js:49:1903)
[   11701ms] Error: Minified React error #418; visit https://reactjs.org/docs/error-decoder.html?invariant=418 for the full message or use the non-minified dev environment for full errors and additional helpful warnings.
    at am (https://family.co/_next/static/chunks/framework-30835d7902f44e99.js:25:46423)
    at i (https://family.co/_next/static/chunks/framework-30835d7902f44e99.js:25:121160)
    at uI (https://family.co/_next/static/chunks/framework-30835d7902f44e99.js:25:99113)
    at https://family.co/_next/static/chunks/framework-30835d7902f44e99.js:25:98980
    at uM (https://family.co/_next/static/chunks/framework-30835d7902f44e99.js:25:98987)
    at uS (https://family.co/_next/static/chunks/framework-30835d7902f44e99.js:25:94026)
    at x (https://family.co/_next/static/chunks/framework-30835d7902f44e99.js:49:1373)
    at MessagePort.R (https://family.co/_next/static/chunks/framework-30835d7902f44e99.js:49:1903)
[   11701ms] Error: Minified React error #418; visit https://reactjs.org/docs/error-decoder.html?invariant=418 for the full message or use the non-minified dev environment for full errors and additional helpful warnings.
    at am (https://family.co/_next/static/chunks/framework-30835d7902f44e99.js:25:46423)
    at i (https://family.co/_next/static/chunks/framework-30835d7902f44e99.js:25:121160)
    at uI (https://family.co/_next/static/chunks/framework-30835d7902f44e99.js:25:99113)
    at https://family.co/_next/static/chunks/framework-30835d7902f44e99.js:25:98980
    at uM (https://family.co/_next/static/chunks/framework-30835d7902f44e99.js:25:98987)
    at uS (https://family.co/_next/static/chunks/framework-30835d7902f44e99.js:25:94026)
    at x (https://family.co/_next/static/chunks/framework-30835d7902f44e99.js:49:1373)
    at MessagePort.R (https://family.co/_next/static/chunks/framework-30835d7902f44e99.js:49:1903)
[   11701ms] Error: Minified React error #418; visit https://reactjs.org/docs/error-decoder.html?invariant=418 for the full message or use the non-minified dev environment for full errors and additional helpful warnings.
    at am (https://family.co/_next/static/chunks/framework-30835d7902f44e99.js:25:46423)
    at i (https://family.co/_next/static/chunks/framework-30835d7902f44e99.js:25:121160)
    at uI (https://family.co/_next/static/chunks/framework-30835d7902f44e99.js:25:99113)
    at https://family.co/_next/static/chunks/framework-30835d7902f44e99.js:25:98980
    at uM (https://family.co/_next/static/chunks/framework-30835d7902f44e99.js:25:98987)
    at uS (https://family.co/_next/static/chunks/framework-30835d7902f44e99.js:25:94026)
    at x (https://family.co/_next/static/chunks/framework-30835d7902f44e99.js:49:1373)
    at MessagePort.R (https://family.co/_next/static/chunks/framework-30835d7902f44e99.js:49:1903)
[   11701ms] Error: Minified React error #418; visit https://reactjs.org/docs/error-decoder.html?invariant=418 for the full message or use the non-minified dev environment for full errors and additional helpful warnings.
    at am (https://family.co/_next/static/chunks/framework-30835d7902f44e99.js:25:46423)
    at i (https://family.co/_next/static/chunks/framework-30835d7902f44e99.js:25:121160)
    at uI (https://family.co/_next/static/chunks/framework-30835d7902f44e99.js:25:99113)
    at https://family.co/_next/static/chunks/framework-30835d7902f44e99.js:25:98980
    at uM (https://family.co/_next/static/chunks/framework-30835d7902f44e99.js:25:98987)
    at uS (https://family.co/_next/static/chunks/framework-30835d7902f44e99.js:25:94026)
    at x (https://family.co/_next/static/chunks/framework-30835d7902f44e99.js:49:1373)
    at MessagePort.R (https://family.co/_next/static/chunks/framework-30835d7902f44e99.js:49:1903)
[   11702ms] Error: Minified React error #418; visit https://reactjs.org/docs/error-decoder.html?invariant=418 for the full message or use the non-minified dev environment for full errors and additional helpful warnings.
    at am (https://family.co/_next/static/chunks/framework-30835d7902f44e99.js:25:46423)
    at i (https://family.co/_next/static/chunks/framework-30835d7902f44e99.js:25:121160)
    at uI (https://family.co/_next/static/chunks/framework-30835d7902f44e99.js:25:99113)
    at https://family.co/_next/static/chunks/framework-30835d7902f44e99.js:25:98980
    at uM (https://family.co/_next/static/chunks/framework-30835d7902f44e99.js:25:98987)
    at uS (https://family.co/_next/static/chunks/framework-30835d7902f44e99.js:25:94026)
    at x (https://family.co/_next/static/chunks/framework-30835d7902f44e99.js:49:1373)
    at MessagePort.R (https://family.co/_next/static/chunks/framework-30835d7902f44e99.js:49:1903)
[   11702ms] Error: Minified React error #418; visit https://reactjs.org/docs/error-decoder.html?invariant=418 for the full message or use the non-minified dev environment for full errors and additional helpful warnings.
    at am (https://family.co/_next/static/chunks/framework-30835d7902f44e99.js:25:46423)
    at i (https://family.co/_next/static/chunks/framework-30835d7902f44e99.js:25:121160)
    at uI (https://family.co/_next/static/chunks/framework-30835d7902f44e99.js:25:99113)
    at https://family.co/_next/static/chunks/framework-30835d7902f44e99.js:25:98980
    at uM (https://family.co/_next/static/chunks/framework-30835d7902f44e99.js:25:98987)
    at uS (https://family.co/_next/static/chunks/framework-30835d7902f44e99.js:25:94026)
    at x (https://family.co/_next/static/chunks/framework-30835d7902f44e99.js:49:1373)
    at MessagePort.R (https://family.co/_next/static/chunks/framework-30835d7902f44e99.js:49:1903)
[   11702ms] Error: Minified React error #418; visit https://reactjs.org/docs/error-decoder.html?invariant=418 for the full message or use the non-minified dev environment for full errors and additional helpful warnings.
    at am (https://family.co/_next/static/chunks/framework-30835d7902f44e99.js:25:46423)
    at i (https://family.co/_next/static/chunks/framework-30835d7902f44e99.js:25:121160)
    at uI (https://family.co/_next/static/chunks/framework-30835d7902f44e99.js:25:99113)
    at https://family.co/_next/static/chunks/framework-30835d7902f44e99.js:25:98980
    at uM (https://family.co/_next/static/chunks/framework-30835d7902f44e99.js:25:98987)
    at uS (https://family.co/_next/static/chunks/framework-30835d7902f44e99.js:25:94026)
    at x (https://family.co/_next/static/chunks/framework-30835d7902f44e99.js:49:1373)
    at MessagePort.R (https://family.co/_next/static/chunks/framework-30835d7902f44e99.js:49:1903)
[   11702ms] Error: Minified React error #418; visit https://reactjs.org/docs/error-decoder.html?invariant=418 for the full message or use the non-minified dev environment for full errors and additional helpful warnings.
    at am (https://family.co/_next/static/chunks/framework-30835d7902f44e99.js:25:46423)
    at i (https://family.co/_next/static/chunks/framework-30835d7902f44e99.js:25:121160)
    at uI (https://family.co/_next/static/chunks/framework-30835d7902f44e99.js:25:99113)
    at https://family.co/_next/static/chunks/framework-30835d7902f44e99.js:25:98980
    at uM (https://family.co/_next/static/chunks/framework-30835d7902f44e99.js:25:98987)
    at uS (https://family.co/_next/static/chunks/framework-30835d7902f44e99.js:25:94026)
    at x (https://family.co/_next/static/chunks/framework-30835d7902f44e99.js:49:1373)
    at MessagePort.R (https://family.co/_next/static/chunks/framework-30835d7902f44e99.js:49:1903)
[   11702ms] Error: Minified React error #418; visit https://reactjs.org/docs/error-decoder.html?invariant=418 for the full message or use the non-minified dev environment for full errors and additional helpful warnings.
    at am (https://family.co/_next/static/chunks/framework-30835d7902f44e99.js:25:46423)
    at i (https://family.co/_next/static/chunks/framework-30835d7902f44e99.js:25:121160)
    at uI (https://family.co/_next/static/chunks/framework-30835d7902f44e99.js:25:99113)
    at https://family.co/_next/static/chunks/framework-30835d7902f44e99.js:25:98980
    at uM (https://family.co/_next/static/chunks/framework-30835d7902f44e99.js:25:98987)
    at uS (https://family.co/_next/static/chunks/framework-30835d7902f44e99.js:25:94026)
    at x (https://family.co/_next/static/chunks/framework-30835d7902f44e99.js:49:1373)
    at MessagePort.R (https://family.co/_next/static/chunks/framework-30835d7902f44e99.js:49:1903)
[   11702ms] Error: Minified React error #418; visit https://reactjs.org/docs/error-decoder.html?invariant=418 for the full message or use the non-minified dev environment for full errors and additional helpful warnings.
    at am (https://family.co/_next/static/chunks/framework-30835d7902f44e99.js:25:46423)
    at i (https://family.co/_next/static/chunks/framework-30835d7902f44e99.js:25:121160)
    at uI (https://family.co/_next/static/chunks/framework-30835d7902f44e99.js:25:99113)
    at https://family.co/_next/static/chunks/framework-30835d7902f44e99.js:25:98980
    at uM (https://family.co/_next/static/chunks/framework-30835d7902f44e99.js:25:98987)
    at uS (https://family.co/_next/static/chunks/framework-30835d7902f44e99.js:25:94026)
    at x (https://family.co/_next/static/chunks/framework-30835d7902f44e99.js:49:1373)
    at MessagePort.R (https://family.co/_next/static/chunks/framework-30835d7902f44e99.js:49:1903)
[   11703ms] Error: Minified React error #418; visit https://reactjs.org/docs/error-decoder.html?invariant=418 for the full message or use the non-minified dev environment for full errors and additional helpful warnings.
    at am (https://family.co/_next/static/chunks/framework-30835d7902f44e99.js:25:46423)
    at i (https://family.co/_next/static/chunks/framework-30835d7902f44e99.js:25:121160)
    at uI (https://family.co/_next/static/chunks/framework-30835d7902f44e99.js:25:99113)
    at https://family.co/_next/static/chunks/framework-30835d7902f44e99.js:25:98980
    at uM (https://family.co/_next/static/chunks/framework-30835d7902f44e99.js:25:98987)
    at uS (https://family.co/_next/static/chunks/framework-30835d7902f44e99.js:25:94026)
    at x (https://family.co/_next/static/chunks/framework-30835d7902f44e99.js:49:1373)
    at MessagePort.R (https://family.co/_next/static/chunks/framework-30835d7902f44e99.js:49:1903)
[   11703ms] Error: Minified React error #418; visit https://reactjs.org/docs/error-decoder.html?invariant=418 for the full message or use the non-minified dev environment for full errors and additional helpful warnings.
    at am (https://family.co/_next/static/chunks/framework-30835d7902f44e99.js:25:46423)
    at i (https://family.co/_next/static/chunks/framework-30835d7902f44e99.js:25:121160)
    at uI (https://family.co/_next/static/chunks/framework-30835d7902f44e99.js:25:99113)
    at https://family.co/_next/static/chunks/framework-30835d7902f44e99.js:25:98980
    at uM (https://family.co/_next/static/chunks/framework-30835d7902f44e99.js:25:98987)
    at uS (https://family.co/_next/static/chunks/framework-30835d7902f44e99.js:25:94026)
    at x (https://family.co/_next/static/chunks/framework-30835d7902f44e99.js:49:1373)
    at MessagePort.R (https://family.co/_next/static/chunks/framework-30835d7902f44e99.js:49:1903)
[   11703ms] Error: Minified React error #418; visit https://reactjs.org/docs/error-decoder.html?invariant=418 for the full message or use the non-minified dev environment for full errors and additional helpful warnings.
    at am (https://family.co/_next/static/chunks/framework-30835d7902f44e99.js:25:46423)
    at i (https://family.co/_next/static/chunks/framework-30835d7902f44e99.js:25:121160)
    at uI (https://family.co/_next/static/chunks/framework-30835d7902f44e99.js:25:99113)
    at https://family.co/_next/static/chunks/framework-30835d7902f44e99.js:25:98980
    at uM (https://family.co/_next/static/chunks/framework-30835d7902f44e99.js:25:98987)
    at uS (https://family.co/_next/static/chunks/framework-30835d7902f44e99.js:25:94026)
    at x (https://family.co/_next/static/chunks/framework-30835d7902f44e99.js:49:1373)
    at MessagePort.R (https://family.co/_next/static/chunks/framework-30835d7902f44e99.js:49:1903)
[   11710ms] Error: Minified React error #418; visit https://reactjs.org/docs/error-decoder.html?invariant=418 for the full message or use the non-minified dev environment for full errors and additional helpful warnings.
    at am (https://family.co/_next/static/chunks/framework-30835d7902f44e99.js:25:46423)
    at i (https://family.co/_next/static/chunks/framework-30835d7902f44e99.js:25:121160)
    at uI (https://family.co/_next/static/chunks/framework-30835d7902f44e99.js:25:99113)
    at https://family.co/_next/static/chunks/framework-30835d7902f44e99.js:25:98980
    at uM (https://family.co/_next/static/chunks/framework-30835d7902f44e99.js:25:98987)
    at uS (https://family.co/_next/static/chunks/framework-30835d7902f44e99.js:25:94026)
    at x (https://family.co/_next/static/chunks/framework-30835d7902f44e99.js:49:1373)
    at MessagePort.R (https://family.co/_next/static/chunks/framework-30835d7902f44e99.js:49:1903)
[   11710ms] Error: Minified React error #418; visit https://reactjs.org/docs/error-decoder.html?invariant=418 for the full message or use the non-minified dev environment for full errors and additional helpful warnings.
    at am (https://family.co/_next/static/chunks/framework-30835d7902f44e99.js:25:46423)
    at i (https://family.co/_next/static/chunks/framework-30835d7902f44e99.js:25:121160)
    at uI (https://family.co/_next/static/chunks/framework-30835d7902f44e99.js:25:99113)
    at https://family.co/_next/static/chunks/framework-30835d7902f44e99.js:25:98980
    at uM (https://family.co/_next/static/chunks/framework-30835d7902f44e99.js:25:98987)
    at uS (https://family.co/_next/static/chunks/framework-30835d7902f44e99.js:25:94026)
    at x (https://family.co/_next/static/chunks/framework-30835d7902f44e99.js:49:1373)
    at MessagePort.R (https://family.co/_next/static/chunks/framework-30835d7902f44e99.js:49:1903)
[   11710ms] Error: Minified React error #418; visit https://reactjs.org/docs/error-decoder.html?invariant=418 for the full message or use the non-minified dev environment for full errors and additional helpful warnings.
    at am (https://family.co/_next/static/chunks/framework-30835d7902f44e99.js:25:46423)
    at i (https://family.co/_next/static/chunks/framework-30835d7902f44e99.js:25:121160)
    at uI (https://family.co/_next/static/chunks/framework-30835d7902f44e99.js:25:99113)
    at https://family.co/_next/static/chunks/framework-30835d7902f44e99.js:25:98980
    at uM (https://family.co/_next/static/chunks/framework-30835d7902f44e99.js:25:98987)
    at uS (https://family.co/_next/static/chunks/framework-30835d7902f44e99.js:25:94026)
    at x (https://family.co/_next/static/chunks/framework-30835d7902f44e99.js:49:1373)
    at MessagePort.R (https://family.co/_next/static/chunks/framework-30835d7902f44e99.js:49:1903)
[   11710ms] Error: Minified React error #418; visit https://reactjs.org/docs/error-decoder.html?invariant=418 for the full message or use the non-minified dev environment for full errors and additional helpful warnings.
    at am (https://family.co/_next/static/chunks/framework-30835d7902f44e99.js:25:46423)
    at i (https://family.co/_next/static/chunks/framework-30835d7902f44e99.js:25:121160)
    at uI (https://family.co/_next/static/chunks/framework-30835d7902f44e99.js:25:99113)
    at https://family.co/_next/static/chunks/framework-30835d7902f44e99.js:25:98980
    at uM (https://family.co/_next/static/chunks/framework-30835d7902f44e99.js:25:98987)
    at uS (https://family.co/_next/static/chunks/framework-30835d7902f44e99.js:25:94026)
    at x (https://family.co/_next/static/chunks/framework-30835d7902f44e99.js:49:1373)
    at MessagePort.R (https://family.co/_next/static/chunks/framework-30835d7902f44e99.js:49:1903)
[   11710ms] Error: Minified React error #418; visit https://reactjs.org/docs/error-decoder.html?invariant=418 for the full message or use the non-minified dev environment for full errors and additional helpful warnings.
    at am (https://family.co/_next/static/chunks/framework-30835d7902f44e99.js:25:46423)
    at i (https://family.co/_next/static/chunks/framework-30835d7902f44e99.js:25:121160)
    at uI (https://family.co/_next/static/chunks/framework-30835d7902f44e99.js:25:99113)
    at https://family.co/_next/static/chunks/framework-30835d7902f44e99.js:25:98980
    at uM (https://family.co/_next/static/chunks/framework-30835d7902f44e99.js:25:98987)
    at uS (https://family.co/_next/static/chunks/framework-30835d7902f44e99.js:25:94026)
    at x (https://family.co/_next/static/chunks/framework-30835d7902f44e99.js:49:1373)
    at MessagePort.R (https://family.co/_next/static/chunks/framework-30835d7902f44e99.js:49:1903)
[   11710ms] Error: Minified React error #418; visit https://reactjs.org/docs/error-decoder.html?invariant=418 for the full message or use the non-minified dev environment for full errors and additional helpful warnings.
    at am (https://family.co/_next/static/chunks/framework-30835d7902f44e99.js:25:46423)
    at i (https://family.co/_next/static/chunks/framework-30835d7902f44e99.js:25:121160)
    at uI (https://family.co/_next/static/chunks/framework-30835d7902f44e99.js:25:99113)
    at https://family.co/_next/static/chunks/framework-30835d7902f44e99.js:25:98980
    at uM (https://family.co/_next/static/chunks/framework-30835d7902f44e99.js:25:98987)
    at uS (https://family.co/_next/static/chunks/framework-30835d7902f44e99.js:25:94026)
    at x (https://family.co/_next/static/chunks/framework-30835d7902f44e99.js:49:1373)
    at MessagePort.R (https://family.co/_next/static/chunks/framework-30835d7902f44e99.js:49:1903)
[   11711ms] Error: Minified React error #418; visit https://reactjs.org/docs/error-decoder.html?invariant=418 for the full message or use the non-minified dev environment for full errors and additional helpful warnings.
    at am (https://family.co/_next/static/chunks/framework-30835d7902f44e99.js:25:46423)
    at i (https://family.co/_next/static/chunks/framework-30835d7902f44e99.js:25:121160)
    at uI (https://family.co/_next/static/chunks/framework-30835d7902f44e99.js:25:99113)
    at https://family.co/_next/static/chunks/framework-30835d7902f44e99.js:25:98980
    at uM (https://family.co/_next/static/chunks/framework-30835d7902f44e99.js:25:98987)
    at uS (https://family.co/_next/static/chunks/framework-30835d7902f44e99.js:25:94026)
    at x (https://family.co/_next/static/chunks/framework-30835d7902f44e99.js:49:1373)
    at MessagePort.R (https://family.co/_next/static/chunks/framework-30835d7902f44e99.js:49:1903)
[   11711ms] Error: Minified React error #418; visit https://reactjs.org/docs/error-decoder.html?invariant=418 for the full message or use the non-minified dev environment for full errors and additional helpful warnings.
    at am (https://family.co/_next/static/chunks/framework-30835d7902f44e99.js:25:46423)
    at i (https://family.co/_next/static/chunks/framework-30835d7902f44e99.js:25:121160)
    at uI (https://family.co/_next/static/chunks/framework-30835d7902f44e99.js:25:99113)
    at https://family.co/_next/static/chunks/framework-30835d7902f44e99.js:25:98980
    at uM (https://family.co/_next/static/chunks/framework-30835d7902f44e99.js:25:98987)
    at uS (https://family.co/_next/static/chunks/framework-30835d7902f44e99.js:25:94026)
    at x (https://family.co/_next/static/chunks/framework-30835d7902f44e99.js:49:1373)
    at MessagePort.R (https://family.co/_next/static/chunks/framework-30835d7902f44e99.js:49:1903)
[   11711ms] Error: Minified React error #418; visit https://reactjs.org/docs/error-decoder.html?invariant=418 for the full message or use the non-minified dev environment for full errors and additional helpful warnings.
    at am (https://family.co/_next/static/chunks/framework-30835d7902f44e99.js:25:46423)
    at i (https://family.co/_next/static/chunks/framework-30835d7902f44e99.js:25:121160)
    at uI (https://family.co/_next/static/chunks/framework-30835d7902f44e99.js:25:99113)
    at https://family.co/_next/static/chunks/framework-30835d7902f44e99.js:25:98980
    at uM (https://family.co/_next/static/chunks/framework-30835d7902f44e99.js:25:98987)
    at uS (https://family.co/_next/static/chunks/framework-30835d7902f44e99.js:25:94026)
    at x (https://family.co/_next/static/chunks/framework-30835d7902f44e99.js:49:1373)
    at MessagePort.R (https://family.co/_next/static/chunks/framework-30835d7902f44e99.js:49:1903)
[   11711ms] Error: Minified React error #418; visit https://reactjs.org/docs/error-decoder.html?invariant=418 for the full message or use the non-minified dev environment for full errors and additional helpful warnings.
    at am (https://family.co/_next/static/chunks/framework-30835d7902f44e99.js:25:46423)
    at i (https://family.co/_next/static/chunks/framework-30835d7902f44e99.js:25:121160)
    at uI (https://family.co/_next/static/chunks/framework-30835d7902f44e99.js:25:99113)
    at https://family.co/_next/static/chunks/framework-30835d7902f44e99.js:25:98980
    at uM (https://family.co/_next/static/chunks/framework-30835d7902f44e99.js:25:98987)
    at uS (https://family.co/_next/static/chunks/framework-30835d7902f44e99.js:25:94026)
    at x (https://family.co/_next/static/chunks/framework-30835d7902f44e99.js:49:1373)
    at MessagePort.R (https://family.co/_next/static/chunks/framework-30835d7902f44e99.js:49:1903)
[   11711ms] Error: Minified React error #418; visit https://reactjs.org/docs/error-decoder.html?invariant=418 for the full message or use the non-minified dev environment for full errors and additional helpful warnings.
    at am (https://family.co/_next/static/chunks/framework-30835d7902f44e99.js:25:46423)
    at i (https://family.co/_next/static/chunks/framework-30835d7902f44e99.js:25:121160)
    at uI (https://family.co/_next/static/chunks/framework-30835d7902f44e99.js:25:99113)
    at https://family.co/_next/static/chunks/framework-30835d7902f44e99.js:25:98980
    at uM (https://family.co/_next/static/chunks/framework-30835d7902f44e99.js:25:98987)
    at uS (https://family.co/_next/static/chunks/framework-30835d7902f44e99.js:25:94026)
    at x (https://family.co/_next/static/chunks/framework-30835d7902f44e99.js:49:1373)
    at MessagePort.R (https://family.co/_next/static/chunks/framework-30835d7902f44e99.js:49:1903)
[   11711ms] Error: Minified React error #418; visit https://reactjs.org/docs/error-decoder.html?invariant=418 for the full message or use the non-minified dev environment for full errors and additional helpful warnings.
    at am (https://family.co/_next/static/chunks/framework-30835d7902f44e99.js:25:46423)
    at i (https://family.co/_next/static/chunks/framework-30835d7902f44e99.js:25:121160)
    at uI (https://family.co/_next/static/chunks/framework-30835d7902f44e99.js:25:99113)
    at https://family.co/_next/static/chunks/framework-30835d7902f44e99.js:25:98980
    at uM (https://family.co/_next/static/chunks/framework-30835d7902f44e99.js:25:98987)
    at uS (https://family.co/_next/static/chunks/framework-30835d7902f44e99.js:25:94026)
    at x (https://family.co/_next/static/chunks/framework-30835d7902f44e99.js:49:1373)
    at MessagePort.R (https://family.co/_next/static/chunks/framework-30835d7902f44e99.js:49:1903)
[   11711ms] Error: Minified React error #418; visit https://reactjs.org/docs/error-decoder.html?invariant=418 for the full message or use the non-minified dev environment for full errors and additional helpful warnings.
    at am (https://family.co/_next/static/chunks/framework-30835d7902f44e99.js:25:46423)
    at i (https://family.co/_next/static/chunks/framework-30835d7902f44e99.js:25:121160)
    at uI (https://family.co/_next/static/chunks/framework-30835d7902f44e99.js:25:99113)
    at https://family.co/_next/static/chunks/framework-30835d7902f44e99.js:25:98980
    at uM (https://family.co/_next/static/chunks/framework-30835d7902f44e99.js:25:98987)
    at uS (https://family.co/_next/static/chunks/framework-30835d7902f44e99.js:25:94026)
    at x (https://family.co/_next/static/chunks/framework-30835d7902f44e99.js:49:1373)
    at MessagePort.R (https://family.co/_next/static/chunks/framework-30835d7902f44e99.js:49:1903)
[   11712ms] Error: Minified React error #418; visit https://reactjs.org/docs/error-decoder.html?invariant=418 for the full message or use the non-minified dev environment for full errors and additional helpful warnings.
    at am (https://family.co/_next/static/chunks/framework-30835d7902f44e99.js:25:46423)
    at i (https://family.co/_next/static/chunks/framework-30835d7902f44e99.js:25:121160)
    at uI (https://family.co/_next/static/chunks/framework-30835d7902f44e99.js:25:99113)
    at https://family.co/_next/static/chunks/framework-30835d7902f44e99.js:25:98980
    at uM (https://family.co/_next/static/chunks/framework-30835d7902f44e99.js:25:98987)
    at uS (https://family.co/_next/static/chunks/framework-30835d7902f44e99.js:25:94026)
    at x (https://family.co/_next/static/chunks/framework-30835d7902f44e99.js:49:1373)
    at MessagePort.R (https://family.co/_next/static/chunks/framework-30835d7902f44e99.js:49:1903)
[   11712ms] Error: Minified React error #418; visit https://reactjs.org/docs/error-decoder.html?invariant=418 for the full message or use the non-minified dev environment for full errors and additional helpful warnings.
    at am (https://family.co/_next/static/chunks/framework-30835d7902f44e99.js:25:46423)
    at i (https://family.co/_next/static/chunks/framework-30835d7902f44e99.js:25:121160)
    at uI (https://family.co/_next/static/chunks/framework-30835d7902f44e99.js:25:99113)
    at https://family.co/_next/static/chunks/framework-30835d7902f44e99.js:25:98980
    at uM (https://family.co/_next/static/chunks/framework-30835d7902f44e99.js:25:98987)
    at uS (https://family.co/_next/static/chunks/framework-30835d7902f44e99.js:25:94026)
    at x (https://family.co/_next/static/chunks/framework-30835d7902f44e99.js:49:1373)
    at MessagePort.R (https://family.co/_next/static/chunks/framework-30835d7902f44e99.js:49:1903)
[   11712ms] Error: Minified React error #418; visit https://reactjs.org/docs/error-decoder.html?invariant=418 for the full message or use the non-minified dev environment for full errors and additional helpful warnings.
    at am (https://family.co/_next/static/chunks/framework-30835d7902f44e99.js:25:46423)
    at i (https://family.co/_next/static/chunks/framework-30835d7902f44e99.js:25:121160)
    at uI (https://family.co/_next/static/chunks/framework-30835d7902f44e99.js:25:99113)
    at https://family.co/_next/static/chunks/framework-30835d7902f44e99.js:25:98980
    at uM (https://family.co/_next/static/chunks/framework-30835d7902f44e99.js:25:98987)
    at uS (https://family.co/_next/static/chunks/framework-30835d7902f44e99.js:25:94026)
    at x (https://family.co/_next/static/chunks/framework-30835d7902f44e99.js:49:1373)
    at MessagePort.R (https://family.co/_next/static/chunks/framework-30835d7902f44e99.js:49:1903)
[   11712ms] Error: Minified React error #418; visit https://reactjs.org/docs/error-decoder.html?invariant=418 for the full message or use the non-minified dev environment for full errors and additional helpful warnings.
    at am (https://family.co/_next/static/chunks/framework-30835d7902f44e99.js:25:46423)
    at i (https://family.co/_next/static/chunks/framework-30835d7902f44e99.js:25:121160)
    at uI (https://family.co/_next/static/chunks/framework-30835d7902f44e99.js:25:99113)
    at https://family.co/_next/static/chunks/framework-30835d7902f44e99.js:25:98980
    at uM (https://family.co/_next/static/chunks/framework-30835d7902f44e99.js:25:98987)
    at uS (https://family.co/_next/static/chunks/framework-30835d7902f44e99.js:25:94026)
    at x (https://family.co/_next/static/chunks/framework-30835d7902f44e99.js:49:1373)
    at MessagePort.R (https://family.co/_next/static/chunks/framework-30835d7902f44e99.js:49:1903)
[   11712ms] Error: Minified React error #423; visit https://reactjs.org/docs/error-decoder.html?invariant=423 for the full message or use the non-minified dev environment for full errors and additional helpful warnings.
    at i (https://family.co/_next/static/chunks/framework-30835d7902f44e99.js:25:120829)
    at uI (https://family.co/_next/static/chunks/framework-30835d7902f44e99.js:25:99113)
    at https://family.co/_next/static/chunks/framework-30835d7902f44e99.js:25:98980
    at uM (https://family.co/_next/static/chunks/framework-30835d7902f44e99.js:25:98987)
    at ux (https://family.co/_next/static/chunks/framework-30835d7902f44e99.js:25:95739)
    at uS (https://family.co/_next/static/chunks/framework-30835d7902f44e99.js:25:94294)
    at x (https://family.co/_next/static/chunks/framework-30835d7902f44e99.js:49:1373)
    at MessagePort.R (https://family.co/_next/static/chunks/framework-30835d7902f44e99.js:49:1903)
[   12551ms] [ERROR] Failed to load resource: the server responded with a status of 500 () @ https://family.co/api/token?id=ethereum:0
[   13242ms] [ERROR] Failed to load resource: the server responded with a status of 500 () @ https://family.co/api/token?id=ethereum:0
